
[1m[46m RUN [49m[22m [36mv4.1.0 [39m[90mC:/Users/techl/Desktop/CursorProjects/task-management-app/frontend[39m

[90mstdout[2m | src/app/core/services/auth.service.spec.ts[2m > [22m[2mAuthService (Unit Test)[2m > [22m[2mshould attempt login and store token/user details on success
[22m[39mAttempting login for: john@example.com
Login successful for: john@example.com

 [32mÔ£ô[39m src/app/core/services/task.service.spec.ts [2m([22m[2m7 tests[22m[2m)[22m[32m 16[2mms[22m[39m
 [32mÔ£ô[39m src/app/core/services/auth.service.spec.ts [2m([22m[2m9 tests[22m[2m)[22m[32m 21[2mms[22m[39m
 [32mÔ£ô[39m src/app/tasks/task-list/task-list.spec.ts [2m([22m[2m21 tests[22m[2m)[22m[32m 36[2mms[22m[39m
node.exe : [31mÔÄ»ÔÄ»ÔÄ»Ô
Ä»ÔÄ»ÔÄ»[39m[1m[41m 
Unhandled Errors [49m[22
m[31mÔÄ»ÔÄ»ÔÄ»ÔÄ»ÔÄ»ÔÄ»[
39m
At line:1 char:1
+ & "C:\Program 
Files\nodejs/node.exe" 
"C:\Program 
Files\nodejs/node_mo ...
+ ~~~~~~~~~~~~~~~~~~~~~~~~
~~~~~~~~~~~~~~~~~~~~~~~~~~
~~~~~~~~~~~~~~~~~~~
    + CategoryInfo        
      : NotSpecified: (  
  [31mÔÄ»ÔÄ»ÔÄ»Ô...»ÔÄ»   
 ÔÄ»ÔÄ»[39m:String) [    
], RemoteException
    + FullyQualifiedError 
   Id : NativeCommandErr  
  or
 
[31m[1m
Vitest caught 1 unhandled 
error during the test run.
This might cause false 
positive tests. Resolve 
unhandled errors to make 
sure your tests are not 
affected.[22m[39m

[31mÔÄ»ÔÄ»ÔÄ»ÔÄ»ÔÄ»[39m
[1m[41m Uncaught 
Exception [49m[22m[31mÔ
Ä»ÔÄ»ÔÄ»ÔÄ»ÔÄ»[39m
[31m[1mAssertionError[2
2m: expected 2 to be 1 // 
Object.is equality[39m
[36m [2mÔØ»[22m 
Object.next src/app/core/s
ervices/task.service.spec.
ts:[2m85:34[22m[39m
    [90m 83|[39m        
 expect(httpMock.delete).t
oHaveBeenCalledWith(expect
.stringContÔÇª
    [90m 84|[39m        
 service[33m.[39mtasksOb
servable$[33m.[39m[34ms
ubscribe[39m(tasks 
[33m=>[39m {
    [90m 85|[39m        
     [34mexpect[39m(task
s[33m.[39mlength)[33m.
[39m[34mtoBe[39m([34m1
[39m)[33m;[39m
    [90m   |[39m        
                          
[31m^[39m
    [90m 86|[39m        
     [34mexpect[39m(task
s[33m.[39m[34mfind[39m
(x [33m=>[39m 
x[33m.[39mid 
[33m===[39m [32m'1'[39
m))[33m.[39m[34mtoBeUnd
efined[39m()[33m;[39m
    [90m 87|[39m        
 })[33m;[39m
[90m [2mÔØ»[22m 
ConsumerObserver.next node
_modules/rxjs/dist/cjs/int
ernal/Subscriber.js:[2m11
3:33[22m[39m
[90m [2mÔØ»[22m SafeSub
scriber.Subscriber._next n
ode_modules/rxjs/dist/cjs/
internal/Subscriber.js:[2
m80:26[22m[39m
[90m [2mÔØ»[22m SafeSub
scriber.Subscriber.next no
de_modules/rxjs/dist/cjs/i
nternal/Subscriber.js:[2m
51:18[22m[39m
[90m [2mÔØ»[22m Behavio
rSubject._subscribe node_m
odules/rxjs/dist/cjs/inter
nal/BehaviorSubject.js:[2
m36:44[22m[39m
[90m [2mÔØ»[22m Behavio
rSubject.Observable._trySu
bscribe node_modules/rxjs/
dist/cjs/internal/Observab
le.js:[2m41:25[22m[39m
[90m [2mÔØ»[22m Behavio
rSubject.Subject._trySubsc
ribe node_modules/rxjs/dis
t/cjs/internal/Subject.js:
[2m123:47[22m[39m
[90m [2mÔØ»[22m node_mo
dules/rxjs/dist/cjs/intern
al/Observable.js:[2m35:31
[22m[39m
[90m [2mÔØ»[22m 
Object.errorContext node_m
odules/rxjs/dist/cjs/inter
nal/util/errorContext.js:
[2m22:9[22m[39m
[90m [2mÔØ»[22m Behavio
rSubject.Observable.subscr
ibe node_modules/rxjs/dist
/cjs/internal/Observable.j
s:[2m26:24[22m[39m

[31mThis error 
originated in "[1msrc/app
/core/services/task.servic
e.spec.ts[22m" test 
file. It doesn't mean the 
error was thrown inside 
the file itself, but 
while it was running.[39m
[31mÔÄ»ÔÄ»ÔÄ»ÔÄ»ÔÄ»ÔÄ»ÔÄ»
ÔÄ»ÔÄ»ÔÄ»ÔÄ»ÔÄ»ÔÄ»ÔÄ»ÔÄ»ÔÄ
»ÔÄ»ÔÄ»ÔÄ»ÔÄ»ÔÄ»ÔÄ»ÔÄ»ÔÄ»Ô
Ä»ÔÄ»ÔÄ»ÔÄ»ÔÄ»ÔÄ»[39m


[2m Test Files [22m [1m[32m3 passed[39m[22m[90m (3)[39m
[2m      Tests [22m [1m[32m37 passed[39m[22m[90m (37)[39m
[2m     Errors [22m [1m[31m1 error[39m[22m
[2m   Start at [22m 14:59:11
[2m   Duration [22m 2.86s[2m (transform 250ms, setup 1.35s, import 875ms, tests 72ms, environment 3.81s)[22m

